This is my first test file

------
paranjape_g@Gautam-PJ MINGW64 /C
$ cd /c/Users/paranjape_g/AppData/Local/Programs/Git/

paranjape_g@Gautam-PJ MINGW64 ~/AppData/Local/Programs/Git
$ git config --global user.name "pknowledge"

paranjape_g@Gautam-PJ MINGW64 ~/AppData/Local/Programs/Git
$ git config --global user.email gautam.paranjape@gmail.com

paranjape_g@Gautam-PJ MINGW64 ~/AppData/Local/Programs/Git
$
paranjape_g@Gautam-PJ MINGW64 ~/AppData/Local/Programs/Git
$ git clone https://github.com/gautamparanjape/TestGit
Cloning into 'TestGit'...
remote: Enumerating objects: 3, done.
remote: Counting objects: 100% (3/3), done.
remote: Total 3 (delta 0), reused 0 (delta 0), pack-reused 0
Unpacking objects: 100% (3/3), done.

paranjape_g@Gautam-PJ MINGW64 ~/AppData/Local/Programs/Git
$ ls
bin/  etc/           LICENSE.txt        TestGit/      unins000.exe*
cmd/  git-bash.exe*  mingw64/           tmp/          unins000.msg
dev/  git-cmd.exe*   ReleaseNotes.html  unins000.dat  usr/

paranjape_g@Gautam-PJ MINGW64 ~/AppData/Local/Programs/Git
$ cd TestGit/

paranjape_g@Gautam-PJ MINGW64 ~/AppData/Local/Programs/Git/TestGit (master)
$
paranjape_g@Gautam-PJ MINGW64 ~/AppData/Local/Programs/Git/TestGit (master)
$ ls
README.md  test.txt

paranjape_g@Gautam-PJ MINGW64 ~/AppData/Local/Programs/Git/TestGit (master)
$ git add test.txt

paranjape_g@Gautam-PJ MINGW64 ~/AppData/Local/Programs/Git/TestGit (master)
$ git status
On branch master
Your branch is up to date with 'origin/master'.

Changes to be committed:
  (use "git reset HEAD <file>..." to unstage)

        new file:   test.txt


paranjape_g@Gautam-PJ MINGW64 ~/AppData/Local/Programs/Git/TestGit (master)
$

paranjape_g@Gautam-PJ MINGW64 ~/AppData/Local/Programs/Git/TestGit (master)
$

paranjape_g@Gautam-PJ MINGW64 ~/AppData/Local/Programs/Git/TestGit (master)
$ git commit -m "V1.0" test.txt
[master d2968f8] V1.0
 1 file changed, 1 insertion(+)
 create mode 100644 test.txt

paranjape_g@Gautam-PJ MINGW64 ~/AppData/Local/Programs/Git/TestGit (master)
$ ls
README.md  test.txt

paranjape_g@Gautam-PJ MINGW64 ~/AppData/Local/Programs/Git/TestGit (master)
$

paranjape_g@Gautam-PJ MINGW64 ~/AppData/Local/Programs/Git/TestGit (master)
$ git push -u origin master
Enumerating objects: 4, done.
Counting objects: 100% (4/4), done.
Delta compression using up to 4 threads
Compressing objects: 100% (2/2), done.
Writing objects: 100% (3/3), 300 bytes | 300.00 KiB/s, done.
Total 3 (delta 0), reused 0 (delta 0)
To https://github.com/gautamparanjape/TestGit
   4bc00e6..d2968f8  master -> master
Branch 'master' set up to track remote branch 'master' from 'origin'.

paranjape_g@Gautam-PJ MINGW64 ~/AppData/Local/Programs/Git/TestGit (master)
$
